
===========================================================================
 report_power
============================================================================
======================= max_ss_100C_1v60 Corner ===================================

Group                    Internal    Switching      Leakage        Total
                            Power        Power        Power        Power (Watts)
------------------------------------------------------------------------
Sequential           0.000000e+00 0.000000e+00 0.000000e+00 0.000000e+00   0.0%
Combinational        6.778202e-06 9.355149e-06 4.056421e-07 1.653899e-05  99.9%
Clock                0.000000e+00 0.000000e+00 1.214763e-08 1.214763e-08   0.1%
Macro                0.000000e+00 0.000000e+00 0.000000e+00 0.000000e+00   0.0%
Pad                  0.000000e+00 0.000000e+00 0.000000e+00 0.000000e+00   0.0%
------------------------------------------------------------------------
Total                6.778202e-06 9.355149e-06 4.177897e-07 1.655114e-05 100.0%
                            41.0%        56.5%         2.5%

