
===========================================================================
report_checks -unconstrained
===========================================================================
======================= min_ss_100C_1v60 Corner ===================================

Startpoint: ui_in[1] (input port clocked by clk)
Endpoint: uo_out[5] (output port clocked by clk)
Path Group: clk
Path Type: max

Fanout         Cap        Slew       Delay        Time   Description
---------------------------------------------------------------------------------------------
                                  0.000000    0.000000   clock clk (rise edge)
                                  0.000000    0.000000   clock network delay (propagated)
                                  4.000000    4.000000 v input external delay
     1    0.003221    0.020079    0.010540    4.010540 v ui_in[1] (in)
                                                         ui_in[1] (net)
                      0.020079    0.000000    4.010540 v input2/A (sky130_fd_sc_hd__clkdlybuf4s25_1)
     8    0.031881    0.434138    0.722778    4.733318 v input2/X (sky130_fd_sc_hd__clkdlybuf4s25_1)
                                                         net2 (net)
                      0.434138    0.000633    4.733951 v _074_/A (sky130_fd_sc_hd__xnor2_2)
     6    0.024329    0.276006    0.525571    5.259522 v _074_/Y (sky130_fd_sc_hd__xnor2_2)
                                                         _012_ (net)
                      0.276006    0.000191    5.259712 v _086_/B (sky130_fd_sc_hd__or2_2)
     3    0.012806    0.162066    0.784540    6.044252 v _086_/X (sky130_fd_sc_hd__or2_2)
                                                         _024_ (net)
                      0.162066    0.000090    6.044342 v _087_/A3 (sky130_fd_sc_hd__a31o_2)
     1    0.001759    0.057023    0.468240    6.512582 v _087_/X (sky130_fd_sc_hd__a31o_2)
                                                         _025_ (net)
                      0.057023    0.000016    6.512599 v _088_/D (sky130_fd_sc_hd__or4_2)
     2    0.044096    0.452841    1.681790    8.194388 v _088_/X (sky130_fd_sc_hd__or4_2)
                                                         uo_out[1] (net)
                      0.452841    0.000670    8.195058 v _123_/B (sky130_fd_sc_hd__or2_2)
     1    0.004703    0.124839    0.797222    8.992280 v _123_/X (sky130_fd_sc_hd__or2_2)
                                                         _058_ (net)
                      0.124839    0.000031    8.992311 v _124_/D (sky130_fd_sc_hd__nor4_2)
     1    0.002308    0.292557    0.224941    9.217252 ^ _124_/Y (sky130_fd_sc_hd__nor4_2)
                                                         zero_flag (net)
                      0.292557    0.000023    9.217276 ^ _147_/A (sky130_fd_sc_hd__buf_2)
     1    0.034171    0.271929    0.442038    9.659313 ^ _147_/X (sky130_fd_sc_hd__buf_2)
                                                         uo_out[5] (net)
                      0.271929    0.000194    9.659507 ^ uo_out[5] (out)
                                              9.659507   data arrival time

                                 20.000000   20.000000   clock clk (rise edge)
                                  0.000000   20.000000   clock network delay (propagated)
                                 -0.250000   19.750002   clock uncertainty
                                  0.000000   19.750002   clock reconvergence pessimism
                                 -4.000000   15.750001   output external delay
                                             15.750001   data required time
---------------------------------------------------------------------------------------------
                                             15.750001   data required time
                                             -9.659507   data arrival time
---------------------------------------------------------------------------------------------
                                              6.090495   slack (MET)




===========================================================================
report_checks --slack_max -0.01
============================================================================
======================= min_ss_100C_1v60 Corner ===================================

No paths found.


===========================================================================
 report_check_types -max_slew -max_cap -max_fanout -violators
============================================================================
======================= min_ss_100C_1v60 Corner ===================================



===========================================================================
report_parasitic_annotation -report_unannotated
============================================================================
Found 26 unannotated drivers.
 clk
 ena
 rst_n
 uio_in[3]
 uio_in[4]
 uio_in[5]
 uio_in[6]
 uio_in[7]
 tt_um_josue_olivos_alu/HI
 tt_um_josue_olivos_alu_12/HI
 tt_um_josue_olivos_alu_13/HI
 tt_um_josue_olivos_alu_14/HI
 tt_um_josue_olivos_alu_15/HI
 tt_um_josue_olivos_alu_16/HI
 tt_um_josue_olivos_alu_17/HI
 tt_um_josue_olivos_alu_18/HI
 tt_um_josue_olivos_alu_19/HI
 tt_um_josue_olivos_alu_20/HI
 tt_um_josue_olivos_alu_21/HI
 tt_um_josue_olivos_alu_22/HI
 tt_um_josue_olivos_alu_23/HI
 tt_um_josue_olivos_alu_24/HI
 tt_um_josue_olivos_alu_25/HI
 tt_um_josue_olivos_alu_26/HI
 tt_um_josue_olivos_alu_27/HI
 tt_um_josue_olivos_alu_28/HI
Found 0 partially unannotated drivers.

===========================================================================
max slew violation count 0
max fanout violation count 0
max cap violation count 0
============================================================================

===========================================================================
check_setup -verbose -unconstrained_endpoints -multiple_clock -no_clock -no_input_delay -loops -generated_clocks
===========================================================================
