
===========================================================================
report_checks -path_delay max (Setup)
============================================================================
======================= nom_tt_025C_1v80 Corner ===================================

Startpoint: ui_in[1] (input port clocked by clk)
Endpoint: uo_out[5] (output port clocked by clk)
Path Group: clk
Path Type: max

Fanout         Cap        Slew       Delay        Time   Description
---------------------------------------------------------------------------------------------
                      0.150000    0.000000    0.000000   clock clk (rise edge)
                                  0.000000    0.000000   clock network delay (ideal)
                                  4.000000    4.000000 v input external delay
     8    0.023471    0.053720    0.037609    4.037609 v ui_in[1] (in)
                                                         ui_in[1] (net)
                      0.053720    0.000000    4.037609 v _074_/A (sky130_fd_sc_hd__xnor2_2)
     6    0.020874    0.115158    0.188329    4.225938 v _074_/Y (sky130_fd_sc_hd__xnor2_2)
                                                         _012_ (net)
                      0.115158    0.000000    4.225938 v _086_/B (sky130_fd_sc_hd__or2_2)
     3    0.008784    0.073743    0.321475    4.547413 v _086_/X (sky130_fd_sc_hd__or2_2)
                                                         _024_ (net)
                      0.073743    0.000000    4.547413 v _087_/A3 (sky130_fd_sc_hd__a31o_2)
     1    0.001261    0.032499    0.239840    4.787253 v _087_/X (sky130_fd_sc_hd__a31o_2)
                                                         _025_ (net)
                      0.032499    0.000000    4.787253 v _088_/D (sky130_fd_sc_hd__or4_2)
     2    0.034763    0.205666    0.690451    5.477704 v _088_/X (sky130_fd_sc_hd__or4_2)
                                                         uo_out[1] (net)
                      0.205666    0.000000    5.477704 v _123_/B (sky130_fd_sc_hd__or2_2)
     1    0.003926    0.059300    0.336913    5.814617 v _123_/X (sky130_fd_sc_hd__or2_2)
                                                         _058_ (net)
                      0.059300    0.000000    5.814617 v _124_/D (sky130_fd_sc_hd__nor4_2)
     1    0.001807    0.165326    0.112002    5.926620 ^ _124_/Y (sky130_fd_sc_hd__nor4_2)
                                                         zero_flag (net)
                      0.165326    0.000000    5.926620 ^ _147_/A (sky130_fd_sc_hd__buf_2)
     1    0.033442    0.169332    0.235949    6.162569 ^ _147_/X (sky130_fd_sc_hd__buf_2)
                                                         uo_out[5] (net)
                      0.169332    0.000000    6.162569 ^ uo_out[5] (out)
                                              6.162569   data arrival time

                      0.150000   20.000000   20.000000   clock clk (rise edge)
                                  0.000000   20.000000   clock network delay (ideal)
                                 -0.250000   19.750002   clock uncertainty
                                  0.000000   19.750002   clock reconvergence pessimism
                                 -4.000000   15.750001   output external delay
                                             15.750001   data required time
---------------------------------------------------------------------------------------------
                                             15.750001   data required time
                                             -6.162569   data arrival time
---------------------------------------------------------------------------------------------
                                              9.587432   slack (MET)


Startpoint: ui_in[1] (input port clocked by clk)
Endpoint: uo_out[3] (output port clocked by clk)
Path Group: clk
Path Type: max

Fanout         Cap        Slew       Delay        Time   Description
---------------------------------------------------------------------------------------------
                      0.150000    0.000000    0.000000   clock clk (rise edge)
                                  0.000000    0.000000   clock network delay (ideal)
                                  4.000000    4.000000 v input external delay
     8    0.023471    0.053720    0.037609    4.037609 v ui_in[1] (in)
                                                         ui_in[1] (net)
                      0.053720    0.000000    4.037609 v _074_/A (sky130_fd_sc_hd__xnor2_2)
     6    0.020874    0.115158    0.188329    4.225938 v _074_/Y (sky130_fd_sc_hd__xnor2_2)
                                                         _012_ (net)
                      0.115158    0.000000    4.225938 v _086_/B (sky130_fd_sc_hd__or2_2)
     3    0.008784    0.073743    0.321475    4.547413 v _086_/X (sky130_fd_sc_hd__or2_2)
                                                         _024_ (net)
                      0.073743    0.000000    4.547413 v _093_/A2 (sky130_fd_sc_hd__a21o_2)
     3    0.008849    0.049935    0.235929    4.783342 v _093_/X (sky130_fd_sc_hd__a21o_2)
                                                         _030_ (net)
                      0.049935    0.000000    4.783342 v _110_/A2 (sky130_fd_sc_hd__a21o_2)
     2    0.006467    0.044167    0.218732    5.002074 v _110_/X (sky130_fd_sc_hd__a21o_2)
                                                         _046_ (net)
                      0.044167    0.000000    5.002074 v _121_/A2 (sky130_fd_sc_hd__a31o_2)
     2    0.005283    0.044387    0.233233    5.235307 v _121_/X (sky130_fd_sc_hd__a31o_2)
                                                         _057_ (net)
                      0.044387    0.000000    5.235307 v _122_/B (sky130_fd_sc_hd__or2_2)
     1    0.033442    0.131085    0.369568    5.604876 v _122_/X (sky130_fd_sc_hd__or2_2)
                                                         uo_out[3] (net)
                      0.131085    0.000000    5.604876 v uo_out[3] (out)
                                              5.604876   data arrival time

                      0.150000   20.000000   20.000000   clock clk (rise edge)
                                  0.000000   20.000000   clock network delay (ideal)
                                 -0.250000   19.750002   clock uncertainty
                                  0.000000   19.750002   clock reconvergence pessimism
                                 -4.000000   15.750001   output external delay
                                             15.750001   data required time
---------------------------------------------------------------------------------------------
                                             15.750001   data required time
                                             -5.604876   data arrival time
---------------------------------------------------------------------------------------------
                                             10.145126   slack (MET)


Startpoint: uio_in[0] (input port clocked by clk)
Endpoint: uo_out[2] (output port clocked by clk)
Path Group: clk
Path Type: max

Fanout         Cap        Slew       Delay        Time   Description
---------------------------------------------------------------------------------------------
                      0.150000    0.000000    0.000000   clock clk (rise edge)
                                  0.000000    0.000000   clock network delay (ideal)
                                  4.000000    4.000000 ^ input external delay
    10    0.031232    0.147802    0.100528    4.100528 ^ uio_in[0] (in)
                                                         uio_in[0] (net)
                      0.147802    0.000000    4.100528 ^ _079_/A_N (sky130_fd_sc_hd__and3b_2)
     3    0.005277    0.045208    0.230401    4.330929 v _079_/X (sky130_fd_sc_hd__and3b_2)
                                                         _017_ (net)
                      0.045208    0.000000    4.330929 v _103_/B1 (sky130_fd_sc_hd__a2bb2o_2)
     1    0.001435    0.038679    0.242199    4.573128 v _103_/X (sky130_fd_sc_hd__a2bb2o_2)
                                                         _040_ (net)
                      0.038679    0.000000    4.573128 v _105_/B (sky130_fd_sc_hd__or4b_2)
     1    0.002243    0.096225    0.615289    5.188417 v _105_/X (sky130_fd_sc_hd__or4b_2)
                                                         _042_ (net)
                      0.096225    0.000000    5.188417 v _106_/A2 (sky130_fd_sc_hd__o21a_2)
     2    0.037576    0.111769    0.295668    5.484086 v _106_/X (sky130_fd_sc_hd__o21a_2)
                                                         uo_out[2] (net)
                      0.111769    0.000000    5.484086 v uo_out[2] (out)
                                              5.484086   data arrival time

                      0.150000   20.000000   20.000000   clock clk (rise edge)
                                  0.000000   20.000000   clock network delay (ideal)
                                 -0.250000   19.750002   clock uncertainty
                                  0.000000   19.750002   clock reconvergence pessimism
                                 -4.000000   15.750001   output external delay
                                             15.750001   data required time
---------------------------------------------------------------------------------------------
                                             15.750001   data required time
                                             -5.484086   data arrival time
---------------------------------------------------------------------------------------------
                                             10.265915   slack (MET)


Startpoint: ui_in[1] (input port clocked by clk)
Endpoint: uo_out[1] (output port clocked by clk)
Path Group: clk
Path Type: max

Fanout         Cap        Slew       Delay        Time   Description
---------------------------------------------------------------------------------------------
                      0.150000    0.000000    0.000000   clock clk (rise edge)
                                  0.000000    0.000000   clock network delay (ideal)
                                  4.000000    4.000000 v input external delay
     8    0.023471    0.053720    0.037609    4.037609 v ui_in[1] (in)
                                                         ui_in[1] (net)
                      0.053720    0.000000    4.037609 v _074_/A (sky130_fd_sc_hd__xnor2_2)
     6    0.020874    0.115158    0.188329    4.225938 v _074_/Y (sky130_fd_sc_hd__xnor2_2)
                                                         _012_ (net)
                      0.115158    0.000000    4.225938 v _086_/B (sky130_fd_sc_hd__or2_2)
     3    0.008784    0.073743    0.321475    4.547413 v _086_/X (sky130_fd_sc_hd__or2_2)
                                                         _024_ (net)
                      0.073743    0.000000    4.547413 v _087_/A3 (sky130_fd_sc_hd__a31o_2)
     1    0.001261    0.032499    0.239840    4.787253 v _087_/X (sky130_fd_sc_hd__a31o_2)
                                                         _025_ (net)
                      0.032499    0.000000    4.787253 v _088_/D (sky130_fd_sc_hd__or4_2)
     2    0.034763    0.205666    0.690451    5.477704 v _088_/X (sky130_fd_sc_hd__or4_2)
                                                         uo_out[1] (net)
                      0.205666    0.000000    5.477704 v uo_out[1] (out)
                                              5.477704   data arrival time

                      0.150000   20.000000   20.000000   clock clk (rise edge)
                                  0.000000   20.000000   clock network delay (ideal)
                                 -0.250000   19.750002   clock uncertainty
                                  0.000000   19.750002   clock reconvergence pessimism
                                 -4.000000   15.750001   output external delay
                                             15.750001   data required time
---------------------------------------------------------------------------------------------
                                             15.750001   data required time
                                             -5.477704   data arrival time
---------------------------------------------------------------------------------------------
                                             10.272297   slack (MET)


Startpoint: ui_in[1] (input port clocked by clk)
Endpoint: uo_out[4] (output port clocked by clk)
Path Group: clk
Path Type: max

Fanout         Cap        Slew       Delay        Time   Description
---------------------------------------------------------------------------------------------
                      0.150000    0.000000    0.000000   clock clk (rise edge)
                                  0.000000    0.000000   clock network delay (ideal)
                                  4.000000    4.000000 v input external delay
     8    0.023471    0.053720    0.037609    4.037609 v ui_in[1] (in)
                                                         ui_in[1] (net)
                      0.053720    0.000000    4.037609 v _074_/A (sky130_fd_sc_hd__xnor2_2)
     6    0.020874    0.115158    0.188329    4.225938 v _074_/Y (sky130_fd_sc_hd__xnor2_2)
                                                         _012_ (net)
                      0.115158    0.000000    4.225938 v _086_/B (sky130_fd_sc_hd__or2_2)
     3    0.008784    0.073743    0.321475    4.547413 v _086_/X (sky130_fd_sc_hd__or2_2)
                                                         _024_ (net)
                      0.073743    0.000000    4.547413 v _093_/A2 (sky130_fd_sc_hd__a21o_2)
     3    0.008849    0.049935    0.235929    4.783342 v _093_/X (sky130_fd_sc_hd__a21o_2)
                                                         _030_ (net)
                      0.049935    0.000000    4.783342 v _110_/A2 (sky130_fd_sc_hd__a21o_2)
     2    0.006467    0.044167    0.218732    5.002074 v _110_/X (sky130_fd_sc_hd__a21o_2)
                                                         _046_ (net)
                      0.044167    0.000000    5.002074 v _126_/B (sky130_fd_sc_hd__nand2_2)
     1    0.002506    0.035040    0.055156    5.057230 ^ _126_/Y (sky130_fd_sc_hd__nand2_2)
                                                         _060_ (net)
                      0.035040    0.000000    5.057230 ^ _127_/B1 (sky130_fd_sc_hd__a22o_2)
     1    0.001807    0.032421    0.105905    5.163136 ^ _127_/X (sky130_fd_sc_hd__a22o_2)
                                                         carry_out (net)
                      0.032421    0.000000    5.163136 ^ _146_/A (sky130_fd_sc_hd__buf_2)
     1    0.033442    0.168834    0.190873    5.354009 ^ _146_/X (sky130_fd_sc_hd__buf_2)
                                                         uo_out[4] (net)
                      0.168834    0.000000    5.354009 ^ uo_out[4] (out)
                                              5.354009   data arrival time

                      0.150000   20.000000   20.000000   clock clk (rise edge)
                                  0.000000   20.000000   clock network delay (ideal)
                                 -0.250000   19.750002   clock uncertainty
                                  0.000000   19.750002   clock reconvergence pessimism
                                 -4.000000   15.750001   output external delay
                                             15.750001   data required time
---------------------------------------------------------------------------------------------
                                             15.750001   data required time
                                             -5.354009   data arrival time
---------------------------------------------------------------------------------------------
                                             10.395992   slack (MET)


Startpoint: uio_in[2] (input port clocked by clk)
Endpoint: uo_out[0] (output port clocked by clk)
Path Group: clk
Path Type: max

Fanout         Cap        Slew       Delay        Time   Description
---------------------------------------------------------------------------------------------
                      0.150000    0.000000    0.000000   clock clk (rise edge)
                                  0.000000    0.000000   clock network delay (ideal)
                                  4.000000    4.000000 ^ input external delay
    10    0.033590    0.158368    0.107886    4.107886 ^ uio_in[2] (in)
                                                         uio_in[2] (net)
                      0.158368    0.000000    4.107886 ^ _061_/A_N (sky130_fd_sc_hd__and3b_2)
     4    0.011123    0.059037    0.251380    4.359266 v _061_/X (sky130_fd_sc_hd__and3b_2)
                                                         _000_ (net)
                      0.059037    0.000000    4.359266 v _065_/B1 (sky130_fd_sc_hd__o22a_2)
     1    0.001459    0.032056    0.189810    4.549077 v _065_/X (sky130_fd_sc_hd__o22a_2)
                                                         _004_ (net)
                      0.032056    0.000000    4.549077 v _071_/A (sky130_fd_sc_hd__or3_2)
     2    0.034857    0.169185    0.597289    5.146365 v _071_/X (sky130_fd_sc_hd__or3_2)
                                                         uo_out[0] (net)
                      0.169185    0.000000    5.146365 v uo_out[0] (out)
                                              5.146365   data arrival time

                      0.150000   20.000000   20.000000   clock clk (rise edge)
                                  0.000000   20.000000   clock network delay (ideal)
                                 -0.250000   19.750002   clock uncertainty
                                  0.000000   19.750002   clock reconvergence pessimism
                                 -4.000000   15.750001   output external delay
                                             15.750001   data required time
---------------------------------------------------------------------------------------------
                                             15.750001   data required time
                                             -5.146365   data arrival time
---------------------------------------------------------------------------------------------
                                             10.603636   slack (MET)



