
===========================================================================
report_checks -path_delay max (Setup)
============================================================================
======================= nom_ff_n40C_1v95 Corner ===================================

Startpoint: ui_in[1] (input port clocked by clk)
Endpoint: uo_out[5] (output port clocked by clk)
Path Group: clk
Path Type: max

Fanout         Cap        Slew       Delay        Time   Description
---------------------------------------------------------------------------------------------
                                  0.000000    0.000000   clock clk (rise edge)
                                  0.000000    0.000000   clock network delay (propagated)
                                  4.000000    4.000000 v input external delay
     1    0.003372    0.005553    0.002792    4.002792 v ui_in[1] (in)
                                                         ui_in[1] (net)
                      0.005554    0.000000    4.002792 v input2/A (sky130_fd_sc_hd__clkdlybuf4s25_1)
     8    0.033113    0.170223    0.262138    4.264930 v input2/X (sky130_fd_sc_hd__clkdlybuf4s25_1)
                                                         net2 (net)
                      0.170232    0.001295    4.266224 v _074_/A (sky130_fd_sc_hd__xnor2_2)
     6    0.024602    0.104522    0.183972    4.450196 v _074_/Y (sky130_fd_sc_hd__xnor2_2)
                                                         _012_ (net)
                      0.104559    0.000476    4.450673 v _086_/B (sky130_fd_sc_hd__or2_2)
     3    0.013192    0.057321    0.210787    4.661460 v _086_/X (sky130_fd_sc_hd__or2_2)
                                                         _024_ (net)
                      0.057321    0.000222    4.661681 v _087_/A3 (sky130_fd_sc_hd__a31o_2)
     1    0.001907    0.025718    0.155170    4.816852 v _087_/X (sky130_fd_sc_hd__a31o_2)
                                                         _025_ (net)
                      0.025718    0.000056    4.816907 v _088_/D (sky130_fd_sc_hd__or4_2)
     2    0.045119    0.151177    0.413370    5.230277 v _088_/X (sky130_fd_sc_hd__or4_2)
                                                         uo_out[1] (net)
                      0.151191    0.001466    5.231743 v _123_/B (sky130_fd_sc_hd__or2_2)
     1    0.004700    0.041343    0.205421    5.437164 v _123_/X (sky130_fd_sc_hd__or2_2)
                                                         _058_ (net)
                      0.041343    0.000104    5.437269 v _124_/D (sky130_fd_sc_hd__nor4_2)
     1    0.002482    0.126050    0.080710    5.517979 ^ _124_/Y (sky130_fd_sc_hd__nor4_2)
                                                         zero_flag (net)
                      0.126050    0.000071    5.518050 ^ _147_/A (sky130_fd_sc_hd__buf_2)
     1    0.034215    0.127983    0.160018    5.678068 ^ _147_/X (sky130_fd_sc_hd__buf_2)
                                                         uo_out[5] (net)
                      0.127985    0.000745    5.678813 ^ uo_out[5] (out)
                                              5.678813   data arrival time

                                 20.000000   20.000000   clock clk (rise edge)
                                  0.000000   20.000000   clock network delay (propagated)
                                 -0.250000   19.750002   clock uncertainty
                                  0.000000   19.750002   clock reconvergence pessimism
                                 -4.000000   15.750001   output external delay
                                             15.750001   data required time
---------------------------------------------------------------------------------------------
                                             15.750001   data required time
                                             -5.678813   data arrival time
---------------------------------------------------------------------------------------------
                                             10.071189   slack (MET)


Startpoint: ui_in[1] (input port clocked by clk)
Endpoint: uo_out[3] (output port clocked by clk)
Path Group: clk
Path Type: max

Fanout         Cap        Slew       Delay        Time   Description
---------------------------------------------------------------------------------------------
                                  0.000000    0.000000   clock clk (rise edge)
                                  0.000000    0.000000   clock network delay (propagated)
                                  4.000000    4.000000 v input external delay
     1    0.003372    0.005553    0.002792    4.002792 v ui_in[1] (in)
                                                         ui_in[1] (net)
                      0.005554    0.000000    4.002792 v input2/A (sky130_fd_sc_hd__clkdlybuf4s25_1)
     8    0.033113    0.170223    0.262138    4.264930 v input2/X (sky130_fd_sc_hd__clkdlybuf4s25_1)
                                                         net2 (net)
                      0.170232    0.001295    4.266224 v _074_/A (sky130_fd_sc_hd__xnor2_2)
     6    0.024602    0.104522    0.183972    4.450196 v _074_/Y (sky130_fd_sc_hd__xnor2_2)
                                                         _012_ (net)
                      0.104559    0.000476    4.450673 v _086_/B (sky130_fd_sc_hd__or2_2)
     3    0.013192    0.057321    0.210787    4.661460 v _086_/X (sky130_fd_sc_hd__or2_2)
                                                         _024_ (net)
                      0.057324    0.000471    4.661931 v _093_/A2 (sky130_fd_sc_hd__a21o_2)
     3    0.013795    0.044156    0.164405    4.826336 v _093_/X (sky130_fd_sc_hd__a21o_2)
                                                         _030_ (net)
                      0.044160    0.000462    4.826798 v _110_/A2 (sky130_fd_sc_hd__a21o_2)
     2    0.008408    0.034795    0.147433    4.974231 v _110_/X (sky130_fd_sc_hd__a21o_2)
                                                         _046_ (net)
                      0.034795    0.000217    4.974448 v _121_/A2 (sky130_fd_sc_hd__a31o_2)
     2    0.006405    0.034509    0.152232    5.126680 v _121_/X (sky130_fd_sc_hd__a31o_2)
                                                         _057_ (net)
                      0.034509    0.000156    5.126835 v _122_/B (sky130_fd_sc_hd__or2_2)
     1    0.034099    0.091426    0.224621    5.351457 v _122_/X (sky130_fd_sc_hd__or2_2)
                                                         uo_out[3] (net)
                      0.091431    0.000734    5.352190 v uo_out[3] (out)
                                              5.352190   data arrival time

                                 20.000000   20.000000   clock clk (rise edge)
                                  0.000000   20.000000   clock network delay (propagated)
                                 -0.250000   19.750002   clock uncertainty
                                  0.000000   19.750002   clock reconvergence pessimism
                                 -4.000000   15.750001   output external delay
                                             15.750001   data required time
---------------------------------------------------------------------------------------------
                                             15.750001   data required time
                                             -5.352190   data arrival time
---------------------------------------------------------------------------------------------
                                             10.397811   slack (MET)


Startpoint: ui_in[1] (input port clocked by clk)
Endpoint: uo_out[1] (output port clocked by clk)
Path Group: clk
Path Type: max

Fanout         Cap        Slew       Delay        Time   Description
---------------------------------------------------------------------------------------------
                                  0.000000    0.000000   clock clk (rise edge)
                                  0.000000    0.000000   clock network delay (propagated)
                                  4.000000    4.000000 v input external delay
     1    0.003372    0.005553    0.002792    4.002792 v ui_in[1] (in)
                                                         ui_in[1] (net)
                      0.005554    0.000000    4.002792 v input2/A (sky130_fd_sc_hd__clkdlybuf4s25_1)
     8    0.033113    0.170223    0.262138    4.264930 v input2/X (sky130_fd_sc_hd__clkdlybuf4s25_1)
                                                         net2 (net)
                      0.170232    0.001295    4.266224 v _074_/A (sky130_fd_sc_hd__xnor2_2)
     6    0.024602    0.104522    0.183972    4.450196 v _074_/Y (sky130_fd_sc_hd__xnor2_2)
                                                         _012_ (net)
                      0.104559    0.000476    4.450673 v _086_/B (sky130_fd_sc_hd__or2_2)
     3    0.013192    0.057321    0.210787    4.661460 v _086_/X (sky130_fd_sc_hd__or2_2)
                                                         _024_ (net)
                      0.057321    0.000222    4.661681 v _087_/A3 (sky130_fd_sc_hd__a31o_2)
     1    0.001907    0.025718    0.155170    4.816852 v _087_/X (sky130_fd_sc_hd__a31o_2)
                                                         _025_ (net)
                      0.025718    0.000056    4.816907 v _088_/D (sky130_fd_sc_hd__or4_2)
     2    0.045119    0.151177    0.413370    5.230277 v _088_/X (sky130_fd_sc_hd__or4_2)
                                                         uo_out[1] (net)
                      0.151199    0.001716    5.231993 v uo_out[1] (out)
                                              5.231993   data arrival time

                                 20.000000   20.000000   clock clk (rise edge)
                                  0.000000   20.000000   clock network delay (propagated)
                                 -0.250000   19.750002   clock uncertainty
                                  0.000000   19.750002   clock reconvergence pessimism
                                 -4.000000   15.750001   output external delay
                                             15.750001   data required time
---------------------------------------------------------------------------------------------
                                             15.750001   data required time
                                             -5.231993   data arrival time
---------------------------------------------------------------------------------------------
                                             10.518008   slack (MET)


Startpoint: ui_in[1] (input port clocked by clk)
Endpoint: uo_out[4] (output port clocked by clk)
Path Group: clk
Path Type: max

Fanout         Cap        Slew       Delay        Time   Description
---------------------------------------------------------------------------------------------
                                  0.000000    0.000000   clock clk (rise edge)
                                  0.000000    0.000000   clock network delay (propagated)
                                  4.000000    4.000000 v input external delay
     1    0.003372    0.005553    0.002792    4.002792 v ui_in[1] (in)
                                                         ui_in[1] (net)
                      0.005554    0.000000    4.002792 v input2/A (sky130_fd_sc_hd__clkdlybuf4s25_1)
     8    0.033113    0.170223    0.262138    4.264930 v input2/X (sky130_fd_sc_hd__clkdlybuf4s25_1)
                                                         net2 (net)
                      0.170232    0.001295    4.266224 v _074_/A (sky130_fd_sc_hd__xnor2_2)
     6    0.024602    0.104522    0.183972    4.450196 v _074_/Y (sky130_fd_sc_hd__xnor2_2)
                                                         _012_ (net)
                      0.104559    0.000476    4.450673 v _086_/B (sky130_fd_sc_hd__or2_2)
     3    0.013192    0.057321    0.210787    4.661460 v _086_/X (sky130_fd_sc_hd__or2_2)
                                                         _024_ (net)
                      0.057324    0.000471    4.661931 v _093_/A2 (sky130_fd_sc_hd__a21o_2)
     3    0.013795    0.044156    0.164405    4.826336 v _093_/X (sky130_fd_sc_hd__a21o_2)
                                                         _030_ (net)
                      0.044160    0.000462    4.826798 v _110_/A2 (sky130_fd_sc_hd__a21o_2)
     2    0.008408    0.034795    0.147433    4.974231 v _110_/X (sky130_fd_sc_hd__a21o_2)
                                                         _046_ (net)
                      0.034795    0.000210    4.974441 v _126_/B (sky130_fd_sc_hd__nand2_2)
     1    0.003087    0.029094    0.041855    5.016296 ^ _126_/Y (sky130_fd_sc_hd__nand2_2)
                                                         _060_ (net)
                      0.029094    0.000063    5.016358 ^ _127_/B1 (sky130_fd_sc_hd__a22o_2)
     1    0.003854    0.029011    0.067950    5.084309 ^ _127_/X (sky130_fd_sc_hd__a22o_2)
                                                         carry_out (net)
                      0.029011    0.000124    5.084433 ^ _146_/A (sky130_fd_sc_hd__buf_2)
     1    0.033948    0.127133    0.135782    5.220215 ^ _146_/X (sky130_fd_sc_hd__buf_2)
                                                         uo_out[4] (net)
                      0.127139    0.000727    5.220942 ^ uo_out[4] (out)
                                              5.220942   data arrival time

                                 20.000000   20.000000   clock clk (rise edge)
                                  0.000000   20.000000   clock network delay (propagated)
                                 -0.250000   19.750002   clock uncertainty
                                  0.000000   19.750002   clock reconvergence pessimism
                                 -4.000000   15.750001   output external delay
                                             15.750001   data required time
---------------------------------------------------------------------------------------------
                                             15.750001   data required time
                                             -5.220942   data arrival time
---------------------------------------------------------------------------------------------
                                             10.529058   slack (MET)


Startpoint: uio_in[0] (input port clocked by clk)
Endpoint: uo_out[2] (output port clocked by clk)
Path Group: clk
Path Type: max

Fanout         Cap        Slew       Delay        Time   Description
---------------------------------------------------------------------------------------------
                                  0.000000    0.000000   clock clk (rise edge)
                                  0.000000    0.000000   clock network delay (propagated)
                                  4.000000    4.000000 ^ input external delay
     1    0.003438    0.016206    0.008919    4.008919 ^ uio_in[0] (in)
                                                         uio_in[0] (net)
                      0.016207    0.000000    4.008919 ^ input9/A (sky130_fd_sc_hd__clkdlybuf4s25_1)
    10    0.040911    0.308061    0.348193    4.357112 ^ input9/X (sky130_fd_sc_hd__clkdlybuf4s25_1)
                                                         net9 (net)
                      0.308061    0.000436    4.357548 ^ _079_/A_N (sky130_fd_sc_hd__and3b_2)
     3    0.011419    0.044201    0.155922    4.513470 v _079_/X (sky130_fd_sc_hd__and3b_2)
                                                         _017_ (net)
                      0.044202    0.000292    4.513762 v _103_/B1 (sky130_fd_sc_hd__a2bb2o_2)
     1    0.001818    0.028158    0.153894    4.667656 v _103_/X (sky130_fd_sc_hd__a2bb2o_2)
                                                         _040_ (net)
                      0.028158    0.000034    4.667690 v _105_/B (sky130_fd_sc_hd__or4b_2)
     1    0.002990    0.065897    0.351977    5.019667 v _105_/X (sky130_fd_sc_hd__or4b_2)
                                                         _042_ (net)
                      0.065897    0.000089    5.019756 v _106_/A2 (sky130_fd_sc_hd__o21a_2)
     2    0.042951    0.084336    0.197043    5.216799 v _106_/X (sky130_fd_sc_hd__o21a_2)
                                                         uo_out[2] (net)
                      0.084420    0.002393    5.219192 v uo_out[2] (out)
                                              5.219192   data arrival time

                                 20.000000   20.000000   clock clk (rise edge)
                                  0.000000   20.000000   clock network delay (propagated)
                                 -0.250000   19.750002   clock uncertainty
                                  0.000000   19.750002   clock reconvergence pessimism
                                 -4.000000   15.750001   output external delay
                                             15.750001   data required time
---------------------------------------------------------------------------------------------
                                             15.750001   data required time
                                             -5.219192   data arrival time
---------------------------------------------------------------------------------------------
                                             10.530809   slack (MET)


Startpoint: uio_in[2] (input port clocked by clk)
Endpoint: uo_out[0] (output port clocked by clk)
Path Group: clk
Path Type: max

Fanout         Cap        Slew       Delay        Time   Description
---------------------------------------------------------------------------------------------
                                  0.000000    0.000000   clock clk (rise edge)
                                  0.000000    0.000000   clock network delay (propagated)
                                  4.000000    4.000000 ^ input external delay
     1    0.003126    0.015085    0.008099    4.008099 ^ uio_in[2] (in)
                                                         uio_in[2] (net)
                      0.015086    0.000000    4.008099 ^ input11/A (sky130_fd_sc_hd__clkdlybuf4s25_1)
    10    0.042157    0.317240    0.353709    4.361808 ^ input11/X (sky130_fd_sc_hd__clkdlybuf4s25_1)
                                                         net11 (net)
                      0.317329    0.001030    4.362838 ^ _061_/A_N (sky130_fd_sc_hd__and3b_2)
     4    0.016946    0.051618    0.166271    4.529109 v _061_/X (sky130_fd_sc_hd__and3b_2)
                                                         _000_ (net)
                      0.051618    0.000211    4.529320 v _065_/B1 (sky130_fd_sc_hd__o22a_2)
     1    0.002975    0.026181    0.123059    4.652380 v _065_/X (sky130_fd_sc_hd__o22a_2)
                                                         _004_ (net)
                      0.026181    0.000095    4.652474 v _071_/A (sky130_fd_sc_hd__or3_2)
     2    0.043867    0.125478    0.367439    5.019914 v _071_/X (sky130_fd_sc_hd__or3_2)
                                                         uo_out[0] (net)
                      0.125577    0.003094    5.023007 v uo_out[0] (out)
                                              5.023007   data arrival time

                                 20.000000   20.000000   clock clk (rise edge)
                                  0.000000   20.000000   clock network delay (propagated)
                                 -0.250000   19.750002   clock uncertainty
                                  0.000000   19.750002   clock reconvergence pessimism
                                 -4.000000   15.750001   output external delay
                                             15.750001   data required time
---------------------------------------------------------------------------------------------
                                             15.750001   data required time
                                             -5.023007   data arrival time
---------------------------------------------------------------------------------------------
                                             10.726994   slack (MET)



