
===========================================================================
 report_power
============================================================================
======================= nom_ss_100C_1v60 Corner ===================================

Group                    Internal    Switching      Leakage        Total
                            Power        Power        Power        Power (Watts)
------------------------------------------------------------------------
Sequential           0.000000e+00 0.000000e+00 0.000000e+00 0.000000e+00   0.0%
Combinational        6.776176e-06 9.190086e-06 4.056421e-07 1.637190e-05  99.9%
Clock                0.000000e+00 0.000000e+00 1.214763e-08 1.214763e-08   0.1%
Macro                0.000000e+00 0.000000e+00 0.000000e+00 0.000000e+00   0.0%
Pad                  0.000000e+00 0.000000e+00 0.000000e+00 0.000000e+00   0.0%
------------------------------------------------------------------------
Total                6.776176e-06 9.190086e-06 4.177897e-07 1.638405e-05 100.0%
                            41.4%        56.1%         2.5%

