
===========================================================================
 report_power
============================================================================
======================= max_ff_n40C_1v95 Corner ===================================

Group                    Internal    Switching      Leakage        Total
                            Power        Power        Power        Power (Watts)
------------------------------------------------------------------------
Sequential           0.000000e+00 0.000000e+00 0.000000e+00 0.000000e+00   0.0%
Combinational        9.430722e-06 1.405951e-05 8.313050e-10 2.349107e-05  99.9%
Clock                0.000000e+00 0.000000e+00 1.522847e-08 1.522847e-08   0.1%
Macro                0.000000e+00 0.000000e+00 0.000000e+00 0.000000e+00   0.0%
Pad                  0.000000e+00 0.000000e+00 0.000000e+00 0.000000e+00   0.0%
------------------------------------------------------------------------
Total                9.430722e-06 1.405951e-05 1.605978e-08 2.350629e-05 100.0%
                            40.1%        59.8%         0.1%

