
===========================================================================
 report_power
============================================================================
======================= min_ff_n40C_1v95 Corner ===================================

Group                    Internal    Switching      Leakage        Total
                            Power        Power        Power        Power (Watts)
------------------------------------------------------------------------
Sequential           0.000000e+00 0.000000e+00 0.000000e+00 0.000000e+00   0.0%
Combinational        9.417158e-06 1.350671e-05 8.313050e-10 2.292470e-05  99.9%
Clock                0.000000e+00 0.000000e+00 1.522847e-08 1.522847e-08   0.1%
Macro                0.000000e+00 0.000000e+00 0.000000e+00 0.000000e+00   0.0%
Pad                  0.000000e+00 0.000000e+00 0.000000e+00 0.000000e+00   0.0%
------------------------------------------------------------------------
Total                9.417158e-06 1.350671e-05 1.605978e-08 2.293992e-05 100.0%
                            41.1%        58.9%         0.1%

