
===========================================================================
 report_power
============================================================================
======================= min_tt_025C_1v80 Corner ===================================

Group                    Internal    Switching      Leakage        Total
                            Power        Power        Power        Power (Watts)
------------------------------------------------------------------------
Sequential           0.000000e+00 0.000000e+00 0.000000e+00 0.000000e+00   0.0%
Combinational        8.325132e-06 1.142870e-05 3.608526e-10 1.975419e-05  99.9%
Clock                0.000000e+00 0.000000e+00 1.297649e-08 1.297649e-08   0.1%
Macro                0.000000e+00 0.000000e+00 0.000000e+00 0.000000e+00   0.0%
Pad                  0.000000e+00 0.000000e+00 0.000000e+00 0.000000e+00   0.0%
------------------------------------------------------------------------
Total                8.325132e-06 1.142870e-05 1.333734e-08 1.976717e-05 100.0%
                            42.1%        57.8%         0.1%

