
===========================================================================
 report_power
============================================================================
======================= nom_tt_025C_1v80 Corner ===================================

Group                    Internal    Switching      Leakage        Total
                            Power        Power        Power        Power (Watts)
------------------------------------------------------------------------
Sequential           0.000000e+00 0.000000e+00 0.000000e+00 0.000000e+00   0.0%
Combinational        8.331129e-06 1.106734e-05 3.608526e-10 1.939883e-05 100.0%
Clock                0.000000e+00 0.000000e+00 2.527229e-10 2.527229e-10   0.0%
Macro                0.000000e+00 0.000000e+00 0.000000e+00 0.000000e+00   0.0%
Pad                  0.000000e+00 0.000000e+00 0.000000e+00 0.000000e+00   0.0%
------------------------------------------------------------------------
Total                8.331129e-06 1.106734e-05 6.135757e-10 1.939908e-05 100.0%
                            42.9%        57.1%         0.0%
Writing metric power__internal__total: 8.33112881082343e-6
Writing metric power__switching__total: 1.1067337254644372e-5
Writing metric power__leakage__total: 6.135756902558853e-10
Writing metric power__total: 1.9399079974391498e-5

