
===========================================================================
report_checks -path_delay min (Hold)
============================================================================
======================= nom_tt_025C_1v80 Corner ===================================

Startpoint: ui_in[0] (input port clocked by clk)
Endpoint: uo_out[0] (output port clocked by clk)
Path Group: clk
Path Type: min

Fanout         Cap        Slew       Delay        Time   Description
---------------------------------------------------------------------------------------------
                                  0.000000    0.000000   clock clk (rise edge)
                                  0.000000    0.000000   clock network delay (propagated)
                                  4.000000    4.000000 v input external delay
     7    0.023833    0.054264    0.038230    4.038230 v ui_in[0] (in)
                                                         ui_in[0] (net)
                      0.054265    0.000000    4.038230 v _070_/A (sky130_fd_sc_hd__nor2_2)
     1    0.001646    0.050554    0.086789    4.125019 ^ _070_/Y (sky130_fd_sc_hd__nor2_2)
                                                         _009_ (net)
                      0.050554    0.000001    4.125021 ^ _071_/C (sky130_fd_sc_hd__or3_2)
     2    0.038329    0.191875    0.222323    4.347344 ^ _071_/X (sky130_fd_sc_hd__or3_2)
                                                         uo_out[0] (net)
                      0.191875    0.000512    4.347856 ^ uo_out[0] (out)
                                              4.347856   data arrival time

                                  0.000000    0.000000   clock clk (rise edge)
                                  0.000000    0.000000   clock network delay (propagated)
                                  0.250000    0.250000   clock uncertainty
                                  0.000000    0.250000   clock reconvergence pessimism
                                 -4.000000   -3.750000   output external delay
                                             -3.750000   data required time
---------------------------------------------------------------------------------------------
                                             -3.750000   data required time
                                             -4.347856   data arrival time
---------------------------------------------------------------------------------------------
                                              8.097855   slack (MET)


Startpoint: ui_in[3] (input port clocked by clk)
Endpoint: uo_out[4] (output port clocked by clk)
Path Group: clk
Path Type: min

Fanout         Cap        Slew       Delay        Time   Description
---------------------------------------------------------------------------------------------
                                  0.000000    0.000000   clock clk (rise edge)
                                  0.000000    0.000000   clock network delay (propagated)
                                  4.000000    4.000000 v input external delay
     6    0.019696    0.045381    0.031719    4.031719 v ui_in[3] (in)
                                                         ui_in[3] (net)
                      0.045383    0.000000    4.031719 v _125_/B (sky130_fd_sc_hd__nand2b_2)
     1    0.003023    0.035566    0.057653    4.089371 ^ _125_/Y (sky130_fd_sc_hd__nand2b_2)
                                                         _059_ (net)
                      0.035566    0.000008    4.089379 ^ _127_/A2 (sky130_fd_sc_hd__a22o_2)
     1    0.002944    0.033380    0.129131    4.218510 ^ _127_/X (sky130_fd_sc_hd__a22o_2)
                                                         carry_out (net)
                      0.033380    0.000013    4.218523 ^ _146_/A (sky130_fd_sc_hd__buf_2)
     1    0.033895    0.168371    0.192674    4.411197 ^ _146_/X (sky130_fd_sc_hd__buf_2)
                                                         uo_out[4] (net)
                      0.168371    0.000096    4.411293 ^ uo_out[4] (out)
                                              4.411293   data arrival time

                                  0.000000    0.000000   clock clk (rise edge)
                                  0.000000    0.000000   clock network delay (propagated)
                                  0.250000    0.250000   clock uncertainty
                                  0.000000    0.250000   clock reconvergence pessimism
                                 -4.000000   -3.750000   output external delay
                                             -3.750000   data required time
---------------------------------------------------------------------------------------------
                                             -3.750000   data required time
                                             -4.411293   data arrival time
---------------------------------------------------------------------------------------------
                                              8.161293   slack (MET)


Startpoint: ui_in[2] (input port clocked by clk)
Endpoint: uo_out[1] (output port clocked by clk)
Path Group: clk
Path Type: min

Fanout         Cap        Slew       Delay        Time   Description
---------------------------------------------------------------------------------------------
                                  0.000000    0.000000   clock clk (rise edge)
                                  0.000000    0.000000   clock network delay (propagated)
                                  4.000000    4.000000 ^ input external delay
     7    0.018884    0.090697    0.061914    4.061913 ^ ui_in[2] (in)
                                                         ui_in[2] (net)
                      0.090697    0.000000    4.061913 ^ _078_/B2 (sky130_fd_sc_hd__a2bb2o_2)
     1    0.002009    0.029013    0.149513    4.211427 ^ _078_/X (sky130_fd_sc_hd__a2bb2o_2)
                                                         _016_ (net)
                      0.029013    0.000002    4.211429 ^ _088_/B (sky130_fd_sc_hd__or4_2)
     2    0.039229    0.196555    0.224918    4.436347 ^ _088_/X (sky130_fd_sc_hd__or4_2)
                                                         uo_out[1] (net)
                      0.196556    0.000711    4.437058 ^ uo_out[1] (out)
                                              4.437058   data arrival time

                                  0.000000    0.000000   clock clk (rise edge)
                                  0.000000    0.000000   clock network delay (propagated)
                                  0.250000    0.250000   clock uncertainty
                                  0.000000    0.250000   clock reconvergence pessimism
                                 -4.000000   -3.750000   output external delay
                                             -3.750000   data required time
---------------------------------------------------------------------------------------------
                                             -3.750000   data required time
                                             -4.437058   data arrival time
---------------------------------------------------------------------------------------------
                                              8.187058   slack (MET)


Startpoint: ui_in[6] (input port clocked by clk)
Endpoint: uo_out[3] (output port clocked by clk)
Path Group: clk
Path Type: min

Fanout         Cap        Slew       Delay        Time   Description
---------------------------------------------------------------------------------------------
                                  0.000000    0.000000   clock clk (rise edge)
                                  0.000000    0.000000   clock network delay (propagated)
                                  4.000000    4.000000 ^ input external delay
     4    0.012459    0.062219    0.041977    4.041976 ^ ui_in[6] (in)
                                                         ui_in[6] (net)
                      0.062219    0.000000    4.041976 ^ _091_/B (sky130_fd_sc_hd__nand2_2)
     3    0.011658    0.054641    0.073543    4.115519 v _091_/Y (sky130_fd_sc_hd__nand2_2)
                                                         _028_ (net)
                      0.054641    0.000024    4.115543 v _111_/A (sky130_fd_sc_hd__nand3_2)
     1    0.002923    0.033591    0.054552    4.170095 ^ _111_/Y (sky130_fd_sc_hd__nand3_2)
                                                         _047_ (net)
                      0.033591    0.000006    4.170102 ^ _121_/A3 (sky130_fd_sc_hd__a31o_2)
     2    0.006811    0.050761    0.159126    4.329228 ^ _121_/X (sky130_fd_sc_hd__a31o_2)
                                                         _057_ (net)
                      0.050761    0.000021    4.329249 ^ _122_/B (sky130_fd_sc_hd__or2_2)
     1    0.033925    0.178381    0.208582    4.537831 ^ _122_/X (sky130_fd_sc_hd__or2_2)
                                                         uo_out[3] (net)
                      0.178381    0.000099    4.537930 ^ uo_out[3] (out)
                                              4.537930   data arrival time

                                  0.000000    0.000000   clock clk (rise edge)
                                  0.000000    0.000000   clock network delay (propagated)
                                  0.250000    0.250000   clock uncertainty
                                  0.000000    0.250000   clock reconvergence pessimism
                                 -4.000000   -3.750000   output external delay
                                             -3.750000   data required time
---------------------------------------------------------------------------------------------
                                             -3.750000   data required time
                                             -4.537930   data arrival time
---------------------------------------------------------------------------------------------
                                              8.287930   slack (MET)


Startpoint: ui_in[6] (input port clocked by clk)
Endpoint: uo_out[5] (output port clocked by clk)
Path Group: clk
Path Type: min

Fanout         Cap        Slew       Delay        Time   Description
---------------------------------------------------------------------------------------------
                                  0.000000    0.000000   clock clk (rise edge)
                                  0.000000    0.000000   clock network delay (propagated)
                                  4.000000    4.000000 ^ input external delay
     4    0.012459    0.062219    0.041977    4.041976 ^ ui_in[6] (in)
                                                         ui_in[6] (net)
                      0.062219    0.000000    4.041976 ^ _091_/B (sky130_fd_sc_hd__nand2_2)
     3    0.011658    0.054641    0.073543    4.115519 v _091_/Y (sky130_fd_sc_hd__nand2_2)
                                                         _028_ (net)
                      0.054641    0.000024    4.115543 v _111_/A (sky130_fd_sc_hd__nand3_2)
     1    0.002923    0.033591    0.054552    4.170095 ^ _111_/Y (sky130_fd_sc_hd__nand3_2)
                                                         _047_ (net)
                      0.033591    0.000006    4.170102 ^ _121_/A3 (sky130_fd_sc_hd__a31o_2)
     2    0.006811    0.050761    0.159126    4.329228 ^ _121_/X (sky130_fd_sc_hd__a31o_2)
                                                         _057_ (net)
                      0.050761    0.000020    4.329247 ^ _124_/C (sky130_fd_sc_hd__nor4_2)
     1    0.002304    0.018367    0.040590    4.369837 v _124_/Y (sky130_fd_sc_hd__nor4_2)
                                                         zero_flag (net)
                      0.018367    0.000006    4.369843 v _147_/A (sky130_fd_sc_hd__buf_2)
     1    0.033958    0.088705    0.168618    4.538461 v _147_/X (sky130_fd_sc_hd__buf_2)
                                                         uo_out[5] (net)
                      0.088705    0.000104    4.538565 v uo_out[5] (out)
                                              4.538565   data arrival time

                                  0.000000    0.000000   clock clk (rise edge)
                                  0.000000    0.000000   clock network delay (propagated)
                                  0.250000    0.250000   clock uncertainty
                                  0.000000    0.250000   clock reconvergence pessimism
                                 -4.000000   -3.750000   output external delay
                                             -3.750000   data required time
---------------------------------------------------------------------------------------------
                                             -3.750000   data required time
                                             -4.538565   data arrival time
---------------------------------------------------------------------------------------------
                                              8.288565   slack (MET)


Startpoint: ui_in[5] (input port clocked by clk)
Endpoint: uo_out[2] (output port clocked by clk)
Path Group: clk
Path Type: min

Fanout         Cap        Slew       Delay        Time   Description
---------------------------------------------------------------------------------------------
                                  0.000000    0.000000   clock clk (rise edge)
                                  0.000000    0.000000   clock network delay (propagated)
                                  4.000000    4.000000 v input external delay
     5    0.020799    0.047744    0.033433    4.033433 v ui_in[5] (in)
                                                         ui_in[5] (net)
                      0.047745    0.000000    4.033433 v _073_/B (sky130_fd_sc_hd__nand2_2)
     2    0.007745    0.052245    0.075392    4.108825 ^ _073_/Y (sky130_fd_sc_hd__nand2_2)
                                                         _011_ (net)
                      0.052245    0.000026    4.108850 ^ _094_/A (sky130_fd_sc_hd__nand3_2)
     1    0.002511    0.038785    0.048557    4.157408 v _094_/Y (sky130_fd_sc_hd__nand3_2)
                                                         _031_ (net)
                      0.038785    0.000003    4.157411 v _095_/A2 (sky130_fd_sc_hd__a21bo_2)
     1    0.002603    0.032224    0.201527    4.358937 v _095_/X (sky130_fd_sc_hd__a21bo_2)
                                                         _032_ (net)
                      0.032224    0.000003    4.358941 v _106_/B1 (sky130_fd_sc_hd__o21a_2)
     2    0.040665    0.107181    0.188542    4.547482 v _106_/X (sky130_fd_sc_hd__o21a_2)
                                                         uo_out[2] (net)
                      0.107182    0.000590    4.548072 v uo_out[2] (out)
                                              4.548072   data arrival time

                                  0.000000    0.000000   clock clk (rise edge)
                                  0.000000    0.000000   clock network delay (propagated)
                                  0.250000    0.250000   clock uncertainty
                                  0.000000    0.250000   clock reconvergence pessimism
                                 -4.000000   -3.750000   output external delay
                                             -3.750000   data required time
---------------------------------------------------------------------------------------------
                                             -3.750000   data required time
                                             -4.548072   data arrival time
---------------------------------------------------------------------------------------------
                                              8.298072   slack (MET)



