
===========================================================================
 report_power
============================================================================
======================= nom_tt_025C_1v80 Corner ===================================

Group                    Internal    Switching      Leakage        Total
                            Power        Power        Power        Power (Watts)
------------------------------------------------------------------------
Sequential           0.000000e+00 0.000000e+00 0.000000e+00 0.000000e+00   0.0%
Combinational        6.842337e-06 8.090343e-06 3.193898e-10 1.493300e-05 100.0%
Clock                0.000000e+00 0.000000e+00 2.527229e-10 2.527229e-10   0.0%
Macro                0.000000e+00 0.000000e+00 0.000000e+00 0.000000e+00   0.0%
Pad                  0.000000e+00 0.000000e+00 0.000000e+00 0.000000e+00   0.0%
------------------------------------------------------------------------
Total                6.842337e-06 8.090343e-06 5.721126e-10 1.493325e-05 100.0%
                            45.8%        54.2%         0.0%
Writing metric power__internal__total: 6.842337370471796e-6
Writing metric power__switching__total: 8.090342817013152e-6
Writing metric power__leakage__total: 5.721125795332682e-10
Writing metric power__total: 1.4933252714399714e-5

