
===========================================================================
 report_power
============================================================================
======================= max_tt_025C_1v80 Corner ===================================

Group                    Internal    Switching      Leakage        Total
                            Power        Power        Power        Power (Watts)
------------------------------------------------------------------------
Sequential           0.000000e+00 0.000000e+00 0.000000e+00 0.000000e+00   0.0%
Combinational        8.330814e-06 1.189973e-05 3.608526e-10 2.023090e-05  99.9%
Clock                0.000000e+00 0.000000e+00 1.297649e-08 1.297649e-08   0.1%
Macro                0.000000e+00 0.000000e+00 0.000000e+00 0.000000e+00   0.0%
Pad                  0.000000e+00 0.000000e+00 0.000000e+00 0.000000e+00   0.0%
------------------------------------------------------------------------
Total                8.330814e-06 1.189973e-05 1.333734e-08 2.024388e-05 100.0%
                            41.2%        58.8%         0.1%

