
===========================================================================
report_checks -unconstrained
===========================================================================
======================= nom_ff_n40C_1v95 Corner ===================================

Startpoint: ui_in[1] (input port clocked by clk)
Endpoint: uo_out[5] (output port clocked by clk)
Path Group: clk
Path Type: max

Fanout         Cap        Slew       Delay        Time   Description
---------------------------------------------------------------------------------------------
                      0.150000    0.000000    0.000000   clock clk (rise edge)
                                  0.000000    0.000000   clock network delay (ideal)
                                  4.000000    4.000000 v input external delay
     8    0.023826    0.037790    0.025220    4.025220 v ui_in[1] (in)
                                                         ui_in[1] (net)
                      0.037790    0.000000    4.025220 v _074_/A (sky130_fd_sc_hd__xnor2_2)
     6    0.020975    0.076979    0.125691    4.150912 v _074_/Y (sky130_fd_sc_hd__xnor2_2)
                                                         _012_ (net)
                      0.076979    0.000000    4.150912 v _086_/B (sky130_fd_sc_hd__or2_2)
     3    0.008809    0.050138    0.188773    4.339685 v _086_/X (sky130_fd_sc_hd__or2_2)
                                                         _024_ (net)
                      0.050138    0.000000    4.339685 v _087_/A3 (sky130_fd_sc_hd__a31o_2)
     1    0.001308    0.024401    0.150098    4.489783 v _087_/X (sky130_fd_sc_hd__a31o_2)
                                                         _025_ (net)
                      0.024401    0.000000    4.489783 v _088_/D (sky130_fd_sc_hd__or4_2)
     2    0.034837    0.136755    0.388651    4.878434 v _088_/X (sky130_fd_sc_hd__or4_2)
                                                         uo_out[1] (net)
                      0.136755    0.000000    4.878434 v _123_/B (sky130_fd_sc_hd__or2_2)
     1    0.003922    0.039865    0.196983    5.075417 v _123_/X (sky130_fd_sc_hd__or2_2)
                                                         _058_ (net)
                      0.039865    0.000000    5.075417 v _124_/D (sky130_fd_sc_hd__nor4_2)
     1    0.001878    0.117838    0.073738    5.149156 ^ _124_/Y (sky130_fd_sc_hd__nor4_2)
                                                         zero_flag (net)
                      0.117838    0.000000    5.149156 ^ _147_/A (sky130_fd_sc_hd__buf_2)
     1    0.033442    0.127439    0.157197    5.306353 ^ _147_/X (sky130_fd_sc_hd__buf_2)
                                                         uo_out[5] (net)
                      0.127439    0.000000    5.306353 ^ uo_out[5] (out)
                                              5.306353   data arrival time

                      0.150000   20.000000   20.000000   clock clk (rise edge)
                                  0.000000   20.000000   clock network delay (ideal)
                                 -0.250000   19.750002   clock uncertainty
                                  0.000000   19.750002   clock reconvergence pessimism
                                 -4.000000   15.750001   output external delay
                                             15.750001   data required time
---------------------------------------------------------------------------------------------
                                             15.750001   data required time
                                             -5.306353   data arrival time
---------------------------------------------------------------------------------------------
                                             10.443648   slack (MET)




===========================================================================
report_checks --slack_max -0.01
============================================================================
======================= nom_ff_n40C_1v95 Corner ===================================

No paths found.


===========================================================================
 report_check_types -max_slew -max_cap -max_fanout -violators
============================================================================
======================= nom_ff_n40C_1v95 Corner ===================================



===========================================================================
report_parasitic_annotation -report_unannotated
============================================================================
Found 124 unannotated drivers.
 clk
 ena
 rst_n
 ui_in[0]
 ui_in[1]
 ui_in[2]
 ui_in[3]
 ui_in[4]
 ui_in[5]
 ui_in[6]
 ui_in[7]
 uio_in[0]
 uio_in[1]
 uio_in[2]
 uio_in[3]
 uio_in[4]
 uio_in[5]
 uio_in[6]
 uio_in[7]
 _061_/X
 _062_/Y
 _063_/Y
 _064_/Y
 _065_/X
 _066_/Y
 _067_/X
 _068_/X
 _069_/Y
 _070_/Y
 _071_/X
 _072_/X
 _073_/Y
 _074_/Y
 _075_/X
 _076_/Y
 _077_/X
 _078_/X
 _079_/X
 _080_/X
 _081_/Y
 _082_/Y
 _083_/Y
 _084_/Y
 _085_/Y
 _086_/X
 _087_/X
 _088_/X
 _089_/X
 _090_/X
 _091_/Y
 _092_/Y
 _093_/X
 _094_/Y
 _095_/X
 _096_/X
 _097_/X
 _098_/Y
 _099_/X
 _100_/X
 _101_/Y
 _102_/Y
 _103_/X
 _104_/X
 _105_/X
 _106_/X
 _107_/X
 _108_/Y
 _109_/Y
 _110_/X
 _111_/Y
 _112_/X
 _113_/X
 _114_/Y
 _115_/X
 _116_/X
 _117_/X
 _118_/X
 _119_/X
 _120_/X
 _121_/X
 _122_/X
 _123_/X
 _124_/Y
 _125_/Y
 _126_/Y
 _127_/X
 _128_/HI
 _128_/LO
 _129_/HI
 _129_/LO
 _130_/HI
 _130_/LO
 _131_/HI
 _131_/LO
 _132_/HI
 _132_/LO
 _133_/HI
 _133_/LO
 _134_/HI
 _134_/LO
 _135_/HI
 _135_/LO
 _136_/HI
 _136_/LO
 _137_/HI
 _137_/LO
 _138_/HI
 _138_/LO
 _139_/HI
 _139_/LO
 _140_/HI
 _140_/LO
 _141_/HI
 _141_/LO
 _142_/HI
 _142_/LO
 _143_/HI
 _143_/LO
 _144_/HI
 _144_/LO
 _145_/HI
 _145_/LO
 _146_/X
 _147_/X
Found 0 partially unannotated drivers.

===========================================================================
max slew violation count 0
max fanout violation count 0
max cap violation count 0
============================================================================

===========================================================================
check_setup -verbose -unconstrained_endpoints -multiple_clock -no_clock -no_input_delay -loops -generated_clocks
===========================================================================
